2026-08-09T13:35:33Z INF Thank you for trying Cloudflare Tunnel. Doing so, without a Cloudflare account, is a quick way to experiment and try it out. However, be aware that these account-less Tunnels have no uptime guarantee, are subject to the Cloudflare Online Services Terms of Use (https://www.cloudflare.com/website-terms/), and Cloudflare reserves the right to investigate your use of Tunnels for violations of such terms. If you intend to use Tunnels in production you should use a pre-created named tunnel by following: https://developers.cloudflare.com/cloudflare-one/connections/connect-apps
2026-08-09T13:35:33Z INF Requesting new quick Tunnel on trycloudflare.com...
2026-08-09T13:35:39Z INF +--------------------------------------------------------------------------------------------+
2026-08-09T13:35:39Z INF |  Your quick Tunnel has been created! Visit it at (it may take some time to be reachable):  |
2026-08-09T13:35:39Z INF |  https://uncle-returns-notebook-zum.trycloudflare.com                                      |
2026-08-09T13:35:39Z INF +--------------------------------------------------------------------------------------------+
2026-08-09T13:35:39Z INF Cannot determine default configuration path. No file [config.yml config.yaml] in [~/.cloudflared ~/.cloudflare-warp ~/cloudflare-warp]
2026-08-09T13:35:39Z INF Version 2026.5.2 (Checksum 20b9638f685333d623798e733effbad2487093f15ba592f6c7752360ff3b7ab7)
2026-08-09T13:35:39Z INF GOOS: windows, GOVersion: go1.26.3, GoArch: amd64
2026-08-09T13:35:39Z INF Settings: map[ha-connections:1 protocol:quic url:http://localhost:8765]
2026-08-09T13:35:39Z INF cloudflared will not automatically update on Windows systems.
2026-08-09T13:35:39Z INF Generated Connector ID: 4d8bb5f5-891f-4339-b4b2-6cee4298a0d0
2026-08-09T13:35:39Z INF Initial protocol quic
2026-08-09T13:35:39Z INF ICMP proxy will use 192.168.0.102 as source for IPv4
2026-08-09T13:35:39Z INF ICMP proxy will use fe80::f5e4:85aa:3df1:ca11 in zone Wi-Fi as source for IPv6
2026-08-09T13:35:39Z INF cloudflared does not support loading the system root certificate pool on Windows. Please use --origin-ca-pool <PATH> to specify the path to the certificate pool
2026-08-09T13:35:39Z INF ICMP proxy will use 192.168.0.102 as source for IPv4
2026-08-09T13:35:39Z INF Tunnel connection curve preferences: [X25519MLKEM768 CurveID(65074) CurveP256] connIndex=0 event=0 ip=198.41.200.23
2026-08-09T13:35:39Z INF ICMP proxy will use fe80::f5e4:85aa:3df1:ca11 in zone Wi-Fi as source for IPv6
2026-08-09T13:35:39Z INF Starting metrics server on 127.0.0.1:20242/metrics
2026-08-09T13:35:40Z INF +-------------------------------------------------------------------------------------+
2026-08-09T13:35:40Z INF |                               CONNECTIVITY PRE-CHECKS                               |
2026-08-09T13:35:40Z INF +-------------------------------------------------------------------------------------+
2026-08-09T13:35:40Z INF |  COMPONENT         TARGET                     STATUS  DETAILS                       |
2026-08-09T13:35:40Z INF |  DNS Resolution    region1.v2.argotunnel.com  PASS    DNS Resolved successfully     |
2026-08-09T13:35:40Z INF |  DNS Resolution    region2.v2.argotunnel.com  PASS    DNS Resolved successfully     |
2026-08-09T13:35:40Z INF |  UDP Connectivity  region1.v2.argotunnel.com  PASS    QUIC connection successful    |
2026-08-09T13:35:40Z INF |  UDP Connectivity  region2.v2.argotunnel.com  PASS    QUIC connection successful    |
2026-08-09T13:35:40Z INF |  TCP Connectivity  region1.v2.argotunnel.com  PASS    HTTP/2 connection successful  |
2026-08-09T13:35:40Z INF |  TCP Connectivity  region2.v2.argotunnel.com  PASS    HTTP/2 connection successful  |
2026-08-09T13:35:40Z INF |  Cloudflare API    api.cloudflare.com:443     PASS    API is reachable              |
2026-08-09T13:35:40Z INF |                                                                                     |
2026-08-09T13:35:40Z INF |  SUMMARY: Environment is healthy. cloudflared will use 'quic' as primary protocol.  |
2026-08-09T13:35:40Z INF +-------------------------------------------------------------------------------------+
2026-08-09T13:35:40Z INF precheck component="DNS Resolution" details="DNS Resolved successfully" run_id=c5aabbb2-4972-4550-9d3a-6b5ac9269b7d status=pass target=region1.v2.argotunnel.com
2026-08-09T13:35:40Z INF precheck component="DNS Resolution" details="DNS Resolved successfully" run_id=c5aabbb2-4972-4550-9d3a-6b5ac9269b7d status=pass target=region2.v2.argotunnel.com
2026-08-09T13:35:40Z INF precheck component="UDP Connectivity" details="QUIC connection successful" run_id=c5aabbb2-4972-4550-9d3a-6b5ac9269b7d status=pass target=region1.v2.argotunnel.com
2026-08-09T13:35:40Z INF precheck component="UDP Connectivity" details="QUIC connection successful" run_id=c5aabbb2-4972-4550-9d3a-6b5ac9269b7d status=pass target=region2.v2.argotunnel.com
2026-08-09T13:35:40Z INF precheck component="TCP Connectivity" details="HTTP/2 connection successful" run_id=c5aabbb2-4972-4550-9d3a-6b5ac9269b7d status=pass target=region1.v2.argotunnel.com
2026-08-09T13:35:40Z INF precheck component="TCP Connectivity" details="HTTP/2 connection successful" run_id=c5aabbb2-4972-4550-9d3a-6b5ac9269b7d status=pass target=region2.v2.argotunnel.com
2026-08-09T13:35:40Z INF precheck component="Cloudflare API" details="API is reachable" run_id=c5aabbb2-4972-4550-9d3a-6b5ac9269b7d status=pass target=api.cloudflare.com:443
2026-08-09T13:35:40Z INF precheck complete hard_fail=false run_id=c5aabbb2-4972-4550-9d3a-6b5ac9269b7d suggested_protocol=quic
2026-08-09T13:35:40Z INF Registered tunnel connection connIndex=0 connection=a61923f3-b7cd-493d-bf98-ab263b104d2a event=0 ip=198.41.200.23 location=mad05 protocol=quic
2026-08-09T14:35:43Z ERR  error="Incoming request ended abruptly: context canceled" connIndex=0 event=1 ingressRule=0 originService=http://localhost:8765
2026-08-09T14:35:43Z ERR Request failed error="Incoming request ended abruptly: context canceled" connIndex=0 dest=https://uncle-returns-notebook-zum.trycloudflare.com/api/precio event=0 ip=198.41.200.23 type=http
2026-08-09T14:52:13Z ERR  error="Incoming request ended abruptly: context canceled" connIndex=0 event=1 ingressRule=0 originService=http://localhost:8765
2026-08-09T14:52:13Z ERR Request failed error="Incoming request ended abruptly: context canceled" connIndex=0 dest=https://uncle-returns-notebook-zum.trycloudflare.com/api/opciones event=0 ip=198.41.200.23 type=http
